jhvjkfhjfkh
vdfgdfgdg
gfdg

fgdfg
gfd
g
fg
dfg
dfg
df
g
df
gd
fg
df
g
fdg
df
g
